[calm-quetzal.10web.cloud/index.html]
[backblue.gif]
[fade.gif]
[index.html]
[calm-quetzal.10web.cloud/wp-content/plugins/elementor/assets/css/frontend.min66bc.css]
[calm-quetzal.10web.cloud/feed/index.html]
[calm-quetzal.10web.cloud/wp-content/uploads/elementor/css/post-14813f0.css]
[calm-quetzal.10web.cloud/wp-content/plugins/tenweb-builder/assets/frontend/css/frontend.minb66d.css]
[calm-quetzal.10web.cloud/wp-content/themes/tenweb-website-builder-theme/assets/css/styles.minb0a8.css]
[calm-quetzal.10web.cloud/wp-content/uploads/elementor/css/post-15213f0.css]
[calm-quetzal.10web.cloud/wp-content/plugins/tenweb-builder/pro-features/assets/css/frontend.minb66d.css]
[calm-quetzal.10web.cloud/wp-content/plugins/elementor/assets/lib/animations/styles/fadeInUp.min66bc.css]
[calm-quetzal.10web.cloud/comments/feed/index.html]
[calm-quetzal.10web.cloud/wp-content/plugins/elementor/assets/css/widget-image.min66bc.css]
[calm-quetzal.10web.cloud/wp-content/plugins/elementor/assets/css/widget-heading.min66bc.css]
[calm-quetzal.10web.cloud/wp-content/plugins/elementor/assets/css/widget-counter.min66bc.css]
[calm-quetzal.10web.cloud/wp-content/plugins/elementor/assets/css/widget-icon-list.min66bc.css]
[calm-quetzal.10web.cloud/wp-content/plugins/elementor/assets/lib/swiper/v8/css/swiper.min94a4.css]
[calm-quetzal.10web.cloud/wp-content/uploads/elementor/css/post-13272e0.css]
[calm-quetzal.10web.cloud/wp-content/uploads/elementor/google-fonts/css/montserrat3d26.css]
[calm-quetzal.10web.cloud/wp-includes/js/jquery/jquery.minf43b.js]
[calm-quetzal.10web.cloud/wp-includes/js/jquery/jquery-migrate.min5589.js]
[calm-quetzal.10web.cloud/wp-content/themes/tenweb-website-builder-theme/assets/js/scripts.minb0a8.js]
[calm-quetzal.10web.cloud/wp-json/wp/v2/pages/132.json]
[calm-quetzal.10web.cloud/wp-json/index.html]
[calm-quetzal.10web.cloud/wp-json/oembed/1.0/embedbb0d.json]
[calm-quetzal.10web.cloud/wp-json/oembed/1.0/embed40ab]
[calm-quetzal.10web.cloud/wp-content/uploads/2025/10/logo_bOOMecFl.svg]
[calm-quetzal.10web.cloud/wp-content/uploads/2025/10/tenweb_media_ryngwg35l.webp]
[calm-quetzal.10web.cloud/wp-content/uploads/2025/10/tenweb_media_r599jzhkk.webp]
[calm-quetzal.10web.cloud/wp-content/uploads/2025/10/tenweb_media_ramfrj7fd.webp]
[calm-quetzal.10web.cloud/destinations/index.html]
[calm-quetzal.10web.cloud/wp-content/uploads/2025/10/tenweb_media_rfbqzp0gg.webp]
[calm-quetzal.10web.cloud/wp-content/uploads/2025/10/tenweb_media_r9vqxunko.webp]
[calm-quetzal.10web.cloud/travel-tips/index.html]
[calm-quetzal.10web.cloud/wp-content/uploads/2025/10/tenweb_media_RSTYOAPNR.webp]
[calm-quetzal.10web.cloud/wp-content/uploads/2025/10/tenweb_media_rf2o9hhik.webp]
[calm-quetzal.10web.cloud/wp-content/uploads/2025/10/tenweb_media_r6vttiasx.webp]
[calm-quetzal.10web.cloud/wp-content/uploads/2025/10/tenweb_media_RINZGC5WP.webp]
[calm-quetzal.10web.cloud/wp-content/uploads/2025/10/tenweb_media_rzybekyv5.webp]
[calm-quetzal.10web.cloud/wp-content/uploads/2025/10/tenweb_media_rt0t0alwp.webp]
[calm-quetzal.10web.cloud/wp-content/uploads/2025/10/tenweb_media_REHWPTRJ9-300x169.webp]
[calm-quetzal.10web.cloud/wp-content/uploads/2025/10/tenweb_media_rkgyeg6q9-300x169.webp]
[calm-quetzal.10web.cloud/wp-content/uploads/2025/10/tenweb_media_rxfvytmrc-300x169.webp]
[calm-quetzal.10web.cloud/navigating-perlis-essential-travel-tips-for-a-smooth-journey/index.html]
[calm-quetzal.10web.cloud/wp-content/plugins/elementor/assets/lib/font-awesome/css/all.min66bc.css]
[calm-quetzal.10web.cloud/wp-content/plugins/elementor/assets/lib/font-awesome/css/v4-shims.min66bc.css]
[calm-quetzal.10web.cloud/wp-content/uploads/elementor/css/post-1462709.css]
[calm-quetzal.10web.cloud/wp-content/plugins/elementor/assets/css/widget-social-icons.min66bc.css]
[calm-quetzal.10web.cloud/wp-content/plugins/elementor/assets/css/conditionals/apple-webkit.min66bc.css]
[calm-quetzal.10web.cloud/category/travel-tips/index.html]
[calm-quetzal.10web.cloud/wp-content/plugins/elementor/assets/css/widget-divider.min66bc.css]
[calm-quetzal.10web.cloud/wp-content/plugins/elementor/assets/js/webpack.runtime.min66bc.js]
[calm-quetzal.10web.cloud/wp-content/plugins/elementor/assets/js/frontend-modules.min66bc.js]
[calm-quetzal.10web.cloud/category/destinations/index.html]
[calm-quetzal.10web.cloud/wp-includes/js/jquery/ui/core.minb37e.js]
[calm-quetzal.10web.cloud/wp-content/plugins/elementor/assets/js/frontend.min66bc.js]
[calm-quetzal.10web.cloud/wp-content/plugins/elementor/assets/lib/jquery-numerator/jquery-numerator.min3958.js]
[calm-quetzal.10web.cloud/wp-includes/js/imagesloaded.minbb93.js]
[calm-quetzal.10web.cloud/wp-content/plugins/elementor/assets/lib/swiper/v8/swiper.min94a4.js]
[calm-quetzal.10web.cloud/wp-content/plugins/elementor/assets/lib/font-awesome/js/v4-shims.min66bc.js]
[calm-quetzal.10web.cloud/wp-content/plugins/tenweb-builder/pro-features/assets/js/concated_frontend.minb66d.js]
[calm-quetzal.10web.cloud/wp-includes/js/underscore.min3ab8.js]
[calm-quetzal.10web.cloud/wp-content/plugins/tenweb-builder/assets/libs/jquery.smartmenusb66d.js]
[calm-quetzal.10web.cloud/wp-includes/js/masonry.min3a05.js]
[calm-quetzal.10web.cloud/wp-content/plugins/tenweb-builder/assets/frontend/js/frontend.minb66d.js]
[calm-quetzal.10web.cloud/wp-content/plugins/tenweb-builder/widgets/sticky/assets/js/jquery.sticky.minb66d.js]
[calm-quetzal.10web.cloud/wp-content/plugins/tenweb-builder/widgets/parallax/assets/js/jquery.parallaxb66d.js]
[calm-quetzal.10web.cloud/index.html]
[calm-quetzal.10web.cloud/wp-content/plugins/elementor/assets/css/frontend.min66bc.css]
[calm-quetzal.10web.cloud/wp-content/plugins/tenweb-builder/assets/frontend/js/custom_options_frontend.minb66d.js]
[calm-quetzal.10web.cloud/wp-content/plugins/tenweb-builder/assets/common/fonts/twbb-icons6671.ttf]
[calm-quetzal.10web.cloud/wp-content/plugins/tenweb-builder/assets/common/fonts/twbb-icons6671.woff]
[calm-quetzal.10web.cloud/wp-content/plugins/tenweb-builder/assets/common/fonts/twbb-icons6671.svg]
[calm-quetzal.10web.cloud/wp-content/plugins/tenweb-builder/assets/editor/images/posts_widget_empty_view.svg]
[calm-quetzal.10web.cloud/wp-content/plugins/tenweb-builder/assets/editor/images/products_widget_empty_view.svg]
[calm-quetzal.10web.cloud/wp-content/plugins/tenweb-builder/assets/frontend/css/frontend.minb66d.css]
[calm-quetzal.10web.cloud/wp-content/uploads/elementor/css/post-14813f0.css]
[calm-quetzal.10web.cloud/wp-content/plugins/tenweb-builder/assets/editor/images/products_categories_widget_empty_view.svg]
[calm-quetzal.10web.cloud/wp-content/themes/tenweb-website-builder-theme/assets/css/styles.minb0a8.css]
[calm-quetzal.10web.cloud/wp-content/uploads/elementor/css/post-15213f0.css]
[calm-quetzal.10web.cloud/wp-content/plugins/tenweb-builder/pro-features/assets/css/frontend.minb66d.css]
[calm-quetzal.10web.cloud/wp-content/plugins/elementor/assets/lib/animations/styles/fadeInUp.min66bc.css]
[calm-quetzal.10web.cloud/wp-content/plugins/elementor/assets/css/widget-image.min66bc.css]
[calm-quetzal.10web.cloud/wp-content/plugins/elementor/assets/css/widget-heading.min66bc.css]
[calm-quetzal.10web.cloud/wp-content/plugins/elementor/assets/css/widget-counter.min66bc.css]
[calm-quetzal.10web.cloud/wp-content/plugins/elementor/assets/css/widget-icon-list.min66bc.css]
[calm-quetzal.10web.cloud/wp-content/plugins/elementor/assets/lib/swiper/v8/css/swiper.min94a4.css]
[calm-quetzal.10web.cloud/wp-content/uploads/elementor/css/post-13272e0.css]
[calm-quetzal.10web.cloud/wp-content/themes/tenweb-website-builder-theme/assets/css/images/search.svg]
[calm-quetzal.10web.cloud/wp-content/uploads/elementor/google-fonts/fonts/montserrat-c6284e6c.woff2]
[calm-quetzal.10web.cloud/wp-content/uploads/elementor/google-fonts/fonts/montserrat-2c476a6c.woff2]
[calm-quetzal.10web.cloud/wp-content/uploads/elementor/google-fonts/fonts/montserrat-b9ec831f.woff2]
[calm-quetzal.10web.cloud/wp-content/uploads/elementor/google-fonts/fonts/montserrat-9210f8a7.woff2]
[calm-quetzal.10web.cloud/wp-content/uploads/elementor/google-fonts/fonts/montserrat-76393105.woff2]
[calm-quetzal.10web.cloud/wp-content/uploads/elementor/google-fonts/fonts/montserrat-0b130f36.woff2]
[calm-quetzal.10web.cloud/wp-content/uploads/elementor/google-fonts/fonts/montserrat-2c82b901.woff2]
[calm-quetzal.10web.cloud/wp-content/uploads/elementor/google-fonts/fonts/montserrat-51d963d2.woff2]
[calm-quetzal.10web.cloud/wp-content/uploads/elementor/google-fonts/fonts/montserrat-1e82e2bf.woff2]
[calm-quetzal.10web.cloud/wp-content/uploads/elementor/google-fonts/fonts/montserrat-49e242af.woff2]
[calm-quetzal.10web.cloud/wp-content/uploads/elementor/google-fonts/css/montserrat3d26.css]
[calm-quetzal.10web.cloud/xmlrpc0db0.html]
[calm-quetzal.10web.cloud/wp-content/uploads/2025/10/logo_bOOMecFl.svg]
[calm-quetzal.10web.cloud/wp-content/cache/tw_optimize/css/two_133_aggregated_5031697833a1b266bf9fe4d7a52cf38e_delay.min458c.css]
[calm-quetzal.10web.cloud/wp-content/cache/tw_optimize/css/two_133_aggregated.min458c.css]
[calm-quetzal.10web.cloud/wp-json/wp/v2/pages/133.json]
[calm-quetzal.10web.cloud/wp-json/oembed/1.0/embed705b.json]
[calm-quetzal.10web.cloud/wp-json/oembed/1.0/embed6ecc]
[calm-quetzal.10web.cloud/destinations/GET]
[calm-quetzal.10web.cloud/wp-content/uploads/2025/10/logo_AYcXM577.svg]
[calm-quetzal.10web.cloud/wp-content/uploads/2025/10/tenweb_media_sjgym6kya.webp]
[calm-quetzal.10web.cloud/wp-content/uploads/2025/10/tenweb_media_swqyn8sgc.webp]
[calm-quetzal.10web.cloud/wp-content/uploads/2025/10/tenweb_media_sizkwjjpz.webp]
[calm-quetzal.10web.cloud/wp-content/uploads/2025/10/tenweb_media_sr4ghn3y9.webp]
[calm-quetzal.10web.cloud/wp-content/plugins/tenweb-speed-optimizer/includes/external/js/vanilla-lazyload/lazyload.min.js]
[calm-quetzal.10web.cloud/destinations/index.html]
[calm-quetzal.10web.cloud/wp-content/plugins/tenweb-speed-optimizer/includes/external/js/vanilla-lazyload/two_bg_vanilla.js]
[calm-quetzal.10web.cloud/wp-content/cache/tw_optimize/css/two_134_aggregated_5031697833a1b266bf9fe4d7a52cf38e_delay.min83a4.css]
[calm-quetzal.10web.cloud/wp-content/cache/tw_optimize/css/two_134_aggregated.min83a4.css]
[calm-quetzal.10web.cloud/wp-json/wp/v2/pages/134.json]
[calm-quetzal.10web.cloud/wp-json/oembed/1.0/embed9641.json]
[calm-quetzal.10web.cloud/wp-json/oembed/1.0/embedb312]
[calm-quetzal.10web.cloud/travel-tips/GET]
[calm-quetzal.10web.cloud/travel-tips/index.html]
[calm-quetzal.10web.cloud/about-contact/index.html]
[calm-quetzal.10web.cloud/wp-content/cache/tw_optimize/css/two_131_aggregated_5031697833a1b266bf9fe4d7a52cf38e_delay.mind1cf.css]
[calm-quetzal.10web.cloud/wp-content/cache/tw_optimize/css/two_131_aggregated.mind1cf.css]
[calm-quetzal.10web.cloud/wp-json/wp/v2/posts/131.json]
[calm-quetzal.10web.cloud/navigating-perlis-essential-travel-tips-for-a-smooth-journey/feed/index.html]
[calm-quetzal.10web.cloud/wp-json/oembed/1.0/embed0d6b.json]
[calm-quetzal.10web.cloud/wp-json/oembed/1.0/embed2c70]
[calm-quetzal.10web.cloud/navigating-perlis-essential-travel-tips-for-a-smooth-journey/GET]
[calm-quetzal.10web.cloud/wp-content/uploads/2025/10/tenweb_media_REHWPTRJ9.webp]
[calm-quetzal.10web.cloud/navigating-perlis-essential-travel-tips-for-a-smooth-journey/index.html]
[calm-quetzal.10web.cloud/wp-content/cache/tw_optimize/css/two_term_19_aggregated_5031697833a1b266bf9fe4d7a52cf38e_delay.min9978.css]
[calm-quetzal.10web.cloud/2025/10/03/index.html]
[calm-quetzal.10web.cloud/wp-content/cache/tw_optimize/css/two_term_19_aggregated.min9978.css]
[calm-quetzal.10web.cloud/wp-json/wp/v2/categories/19.json]
[calm-quetzal.10web.cloud/category/travel-tips/feed/index.html]
[calm-quetzal.10web.cloud/category/travel-tips/GET]
[calm-quetzal.10web.cloud/category/travel-tips/index.html]
[calm-quetzal.10web.cloud/a-foodies-guide-to-kangar-savoring-perlis-culinary-delights/index.html]
[calm-quetzal.10web.cloud/category/local-cuisine/index.html]
[calm-quetzal.10web.cloud/unveiling-the-hidden-gems-of-gua-kelam/index.html]
[calm-quetzal.10web.cloud/wp-content/cache/tw_optimize/css/two_term_17_aggregated_5031697833a1b266bf9fe4d7a52cf38e_delay.min90b0.css]
[calm-quetzal.10web.cloud/wp-content/cache/tw_optimize/css/two_term_17_aggregated.min90b0.css]
[calm-quetzal.10web.cloud/wp-json/wp/v2/categories/17.json]
[calm-quetzal.10web.cloud/category/destinations/feed/index.html]
[calm-quetzal.10web.cloud/category/destinations/GET]
[calm-quetzal.10web.cloud/category/destinations/index.html]
[calm-quetzal.10web.cloud/privacy-policy/index.html]
[calm-quetzal.10web.cloud/wp-content/plugins/elementor/assets/lib/font-awesome/webfonts/fa-brands-400.eot]
[calm-quetzal.10web.cloud/wp-content/plugins/elementor/assets/lib/font-awesome/webfonts/fa-brands-400d41d.eot]
[calm-quetzal.10web.cloud/wp-content/plugins/elementor/assets/lib/font-awesome/webfonts/fa-brands-400.woff2]
[calm-quetzal.10web.cloud/wp-content/plugins/elementor/assets/lib/font-awesome/webfonts/fa-brands-400.woff]
[calm-quetzal.10web.cloud/wp-content/plugins/elementor/assets/lib/font-awesome/webfonts/fa-brands-400.ttf]
[calm-quetzal.10web.cloud/wp-content/plugins/elementor/assets/lib/font-awesome/webfonts/fa-regular-400.eot]
[calm-quetzal.10web.cloud/wp-content/plugins/elementor/assets/lib/font-awesome/webfonts/fa-brands-400.svg]
[calm-quetzal.10web.cloud/wp-content/plugins/elementor/assets/lib/font-awesome/webfonts/fa-regular-400d41d.eot]
[calm-quetzal.10web.cloud/wp-content/plugins/elementor/assets/lib/font-awesome/webfonts/fa-regular-400.woff2]
[calm-quetzal.10web.cloud/wp-content/plugins/elementor/assets/lib/font-awesome/webfonts/fa-regular-400.woff]
[calm-quetzal.10web.cloud/wp-content/plugins/elementor/assets/lib/font-awesome/webfonts/fa-regular-400.ttf]
[calm-quetzal.10web.cloud/wp-content/plugins/elementor/assets/lib/font-awesome/webfonts/fa-solid-900.eot]
[calm-quetzal.10web.cloud/wp-content/plugins/elementor/assets/lib/font-awesome/webfonts/fa-regular-400.svg]
[calm-quetzal.10web.cloud/wp-content/plugins/elementor/assets/lib/font-awesome/webfonts/fa-solid-900d41d.eot]
[calm-quetzal.10web.cloud/wp-content/plugins/elementor/assets/lib/font-awesome/webfonts/fa-solid-900.woff2]
[calm-quetzal.10web.cloud/wp-content/plugins/elementor/assets/lib/font-awesome/webfonts/fa-solid-900.woff]
[calm-quetzal.10web.cloud/wp-content/plugins/elementor/assets/lib/font-awesome/webfonts/fa-solid-900.ttf]
[calm-quetzal.10web.cloud/wp-content/plugins/elementor/assets/lib/font-awesome/css/all.min66bc.css]
[calm-quetzal.10web.cloud/wp-content/plugins/elementor/assets/lib/font-awesome/css/v4-shims.min66bc.css]
[calm-quetzal.10web.cloud/wp-content/uploads/elementor/css/post-1462709.css]
[calm-quetzal.10web.cloud/wp-content/plugins/elementor/assets/css/widget-social-icons.min66bc.css]
[calm-quetzal.10web.cloud/wp-content/plugins/elementor/assets/css/conditionals/apple-webkit.min66bc.css]
[calm-quetzal.10web.cloud/wp-content/plugins/elementor/assets/css/widget-divider.min66bc.css]
[calm-quetzal.10web.cloud/wp-content/plugins/tenweb-builder/assets/common/fonts/twbb-icons6671.svg]
[calm-quetzal.10web.cloud/wp-content/plugins/tenweb-builder/assets/editor/images/posts_widget_empty_view.svg]
[calm-quetzal.10web.cloud/wp-content/plugins/tenweb-builder/assets/editor/images/products_widget_empty_view.svg]
[calm-quetzal.10web.cloud/wp-content/plugins/tenweb-builder/assets/editor/images/products_categories_widget_empty_view.svg]
[calm-quetzal.10web.cloud/wp-content/themes/tenweb-website-builder-theme/assets/css/images/search.svg]
[calm-quetzal.10web.cloud/wp-content/cache/tw_optimize/css/two_133_aggregated_5031697833a1b266bf9fe4d7a52cf38e_delay.min458c.css]
[calm-quetzal.10web.cloud/wp-content/cache/tw_optimize/css/two_133_aggregated.min458c.css]
[calm-quetzal.10web.cloud/index9c49.html]
[calm-quetzal.10web.cloud/destinations/GET.html]
[calm-quetzal.10web.cloud/wp-content/uploads/2025/10/logo_AYcXM577.svg]
[calm-quetzal.10web.cloud/travel-information-and-guides/index.html]
[calm-quetzal.10web.cloud/wp-content/cache/tw_optimize/css/two_134_aggregated_5031697833a1b266bf9fe4d7a52cf38e_delay.min83a4.css]
[calm-quetzal.10web.cloud/wp-content/cache/tw_optimize/css/two_134_aggregated.min83a4.css]
[calm-quetzal.10web.cloud/index47f2.html]
[calm-quetzal.10web.cloud/travel-tips/GET.html]
[calm-quetzal.10web.cloud/wp-content/cache/tw_optimize/css/two_131_aggregated_5031697833a1b266bf9fe4d7a52cf38e_delay.mind1cf.css]
[calm-quetzal.10web.cloud/wp-content/cache/tw_optimize/css/two_131_aggregated.mind1cf.css]
[calm-quetzal.10web.cloud/indexd52d.html]
[calm-quetzal.10web.cloud/navigating-perlis-essential-travel-tips-for-a-smooth-journey/GET.html]
[calm-quetzal.10web.cloud/wp-content/plugins/elementor/assets/lib/font-awesome/webfonts/fa-solid-900.svg]
[calm-quetzal.10web.cloud/wp-includes/css/dist/block-library/style.min32d4.css]
[calm-quetzal.10web.cloud/wp-content/uploads/elementor/css/post-145d948.css]
[calm-quetzal.10web.cloud/wp-content/uploads/elementor/css/post-1494b26.css]
[calm-quetzal.10web.cloud/2025/10/03/index.html]
[calm-quetzal.10web.cloud/wp-content/cache/tw_optimize/css/two_term_19_aggregated_5031697833a1b266bf9fe4d7a52cf38e_delay.min9978.css]
[calm-quetzal.10web.cloud/wp-content/cache/tw_optimize/css/two_term_19_aggregated.min9978.css]
[calm-quetzal.10web.cloud/category/travel-tips/GET.html]
[calm-quetzal.10web.cloud/wp-content/cache/tw_optimize/css/two_term_17_aggregated_5031697833a1b266bf9fe4d7a52cf38e_delay.min90b0.css]
[calm-quetzal.10web.cloud/wp-content/cache/tw_optimize/css/two_term_17_aggregated.min90b0.css]
[calm-quetzal.10web.cloud/category/destinations/GET.html]
[calm-quetzal.10web.cloud/wp-content/uploads/elementor/css/post-152f720.css]
[calm-quetzal.10web.cloud/wp-content/plugins/elementor/assets/lib/font-awesome/webfonts/fa-brands-400.svg]
[calm-quetzal.10web.cloud/wp-content/plugins/elementor/assets/lib/font-awesome/webfonts/fa-regular-400.svg]
[calm-quetzal.10web.cloud/wp-content/plugins/elementor/assets/lib/font-awesome/webfonts/fa-solid-900.svg]
[calm-quetzal.10web.cloud/wp-includes/css/dist/block-library/style.min32d4.css]
[calm-quetzal.10web.cloud/wp-content/uploads/elementor/css/post-145d948.css]
[calm-quetzal.10web.cloud/wp-content/uploads/elementor/css/post-1494b26.css]
[calm-quetzal.10web.cloud/wp-content/uploads/elementor/css/post-152f720.css]
